Microchip MPLAB XC8 Compiler V1.45 ()

Linker command line:

-W-3 --edf=C:\Program Files (x86)\Microchip\xc8\v1.45\dat\en_msgs.txt -cs \
  -h+dist/default/production\ioc_rotary_encoder.X.production.sym \
  --cmf=dist/default/production\ioc_rotary_encoder.X.production.cmf -z \
  -Q16F690 -oC:\Users\philip\AppData\Local\Temp\s65s.2 \
  -Mdist/default/production/ioc_rotary_encoder.X.production.map -E1 \
  -ver=XC8 -ASTACK=0120h-016fh -pstack=STACK -ACODE=00h-07FFhx2 \
  -ASTRCODE=00h-0FFFh -ASTRING=00h-0FFhx16 -ACONST=00h-0FFhx16 \
  -AENTRY=00h-0FFhx16 -ACOMMON=070h-07Fh -ABANK0=020h-06Fh \
  -ABANK1=0A0h-0EFh -ABANK2=0120h-016Fh \
  -ARAM=020h-06Fh,0A0h-0EFh,0120h-016Fh \
  -AABS1=020h-07Fh,0A0h-0EFh,0120h-016Fh -ASFR0=00h-01Fh -ASFR1=080h-09Fh \
  -ASFR2=0100h-011Fh -ASFR3=0180h-01EFh \
  -preset_vec=00h,intentry=04h,init,end_init -ppowerup=CODE -pcinit=CODE \
  -pfunctab=ENTRY -ACONFIG=02007h-02007h -pconfig=CONFIG -DCONFIG=2 \
  -AIDLOC=02000h-02003h -pidloc=IDLOC -DIDLOC=2 -AEEDATA=00h-0FFh/02100h \
  -peeprom_data=EEDATA -DEEDATA=2 -DCODE=2 -DSTRCODE=2 -DSTRING=2 -DCONST=2 \
  -DENTRY=2 -k C:\Users\philip\AppData\Local\Temp\s65s.obj \
  dist/default/production\ioc_rotary_encoder.X.production.obj 

Object code version is 3.11

Machine type is 16F690



                Name                               Link     Load   Length Selector   Space Scale
C:\Users\philip\AppData\Local\Temp\s65s.obj
                end_init                             11       11        2        8       0
                reset_vec                             0        0        2        0       0
                config                             2007     2007        1     400E       0
dist/default/production\ioc_rotary_encoder.X.production.obj
                cinit                                13       13       1E        8       0
                intentry                              4        4        D        8       0
                text13                              239      239       3C        8       0
                text12                              2DE      2DE       32      554       0
                text11                              3BA      3BA        8      554       0
                text10                               E6       E6       B3        8       0
                text9                               199      199       62        8       0
                text8                               38F      38F       13      554       0
                text7                               3C2      3C2        6      554       0
                text6                               1FB      1FB       3E        8       0
                text5                               2AA      2AA       34      554       0
                text4                               3B2      3B2        8      554       0
                text3                                31       31       B5        8       0
                text2                               37C      37C       13      554       0
                text1                               35E      35E       1E      554       0
                maintext                            310      310       2F      554       0
                cstackBANK0                          20       20       2C       20       1
                cstackCOMMON                         70       70        E       70       1
                cstackBANK1                          BF       BF       1F       A0       1
                inittext                            3A2      3A2       10      554       0
                dataBANK1                            A0       A0       1F       A0       1
                dataBANK0                            54       54        2       20       1
                bssBANK0                             4C       4C        8       20       1
                strings                             275      275       35      4EA       0
                idataBANK1                          33F      33F       1F      554       0
                idataBANK0                          3C8      3C8        2      554       0

TOTAL           Name                               Link     Load   Length     Space
        CLASS   STACK          

        CLASS   CODE           
                end_init                             11       11        2         0
                cinit                                13       13       1E         0
                intentry                              4        4        D         0
                reset_vec                             0        0        2         0
                text13                              239      239       3C         0
                text12                              2DE      2DE       32         0
                text11                              3BA      3BA        8         0
                text10                               E6       E6       B3         0
                text9                               199      199       62         0
                text8                               38F      38F       13         0
                text7                               3C2      3C2        6         0
                text6                               1FB      1FB       3E         0
                text5                               2AA      2AA       34         0
                text4                               3B2      3B2        8         0
                text3                                31       31       B5         0
                text2                               37C      37C       13         0
                text1                               35E      35E       1E         0
                maintext                            310      310       2F         0
                inittext                            3A2      3A2       10         0
                idataBANK1                          33F      33F       1F         0
                idataBANK0                          3C8      3C8        2         0

        CLASS   STRCODE        

        CLASS   STRING         
                strings                             275      275       35         0

        CLASS   CONST          

        CLASS   ENTRY          

        CLASS   COMMON         
                cstackCOMMON                         70       70        E         1

        CLASS   BANK0          
                cstackBANK0                          20       20       2C         1
                dataBANK0                            54       54        2         1
                bssBANK0                             4C       4C        8         1

        CLASS   BANK1          
                cstackBANK1                          BF       BF       1F         1
                dataBANK1                            A0       A0       1F         1

        CLASS   BANK2          

        CLASS   RAM            

        CLASS   ABS1           
                abs_s1                               7E       7E        2         1

        CLASS   SFR0           

        CLASS   SFR1           

        CLASS   SFR2           

        CLASS   SFR3           

        CLASS   CONFIG         
                config                             2007     2007        1         0

        CLASS   IDLOC          

        CLASS   EEDATA         

        CLASS   BANK3          



SEGMENTS        Name                           Load    Length   Top    Selector   Space  Class     Delta

                reset_vec                      000000  000002  000002         0       0  CODE        2
                intentry                       000004  000271  000275         8       0  CODE        2
                cstackBANK0                    000020  000036  000056        20       1  BANK0       1
                cstackCOMMON                   000070  00000E  00007E        70       1  COMMON      1
                dataBANK1                      0000A0  00003E  0000DE        A0       1  BANK1       1
                strings                        000275  000035  0002AA       4EA       0  STRING      2
                text5                          0002AA  000120  0003CA       554       0  CODE        2
                config                         002007  000001  002008      400E       0  CONFIG      2


UNUSED ADDRESS RANGES

        Name                Unused          Largest block    Delta
        BANK0            0056-006F             1A           1
        BANK1            00DE-00EF             12           1
        BANK2            0120-016F             50           1
        CODE             0002-0003              2           2
                         03CA-0FFF            436
        CONST            0002-0003              2           2
                         03CA-0FFF            100
        EEDATA           2100-21FF            100           2
        ENTRY            0002-0003              2           2
                         03CA-0FFF            100
        IDLOC            2000-2003              4           2
        RAM              0056-006F             1A           1
                         00DE-00EF             12
                         0120-016F             50
        SFR0             0000-001F             20           1
        SFR1             0080-009F             20           1
        SFR2             0100-011F             20           1
        SFR3             0180-01EF             70           1
        STACK            0120-016F             50           1
        STRCODE          0002-0003              2           2
                         03CA-0FFF            C36
        STRING           0002-0003              2           2
                         03CA-0FFF            100

                                  Symbol Table

?___lwdiv                    cstackBANK0  0030
?___lwmod                    cstackBANK0  0038
?_printf                     cstackCOMMON 0070
?i1___lwdiv                  cstackCOMMON 0070
?i1___lwmod                  cstackCOMMON 0078
?i1_printf                   cstackBANK0  0020
_ANSEL                       (abs)        011E
_ANSELH                      (abs)        011F
_CM1CON0                     (abs)        0119
_CM2CON0                     (abs)        011A
_INTCONbits                  (abs)        000B
_OPTION_REGbits              (abs)        0081
_PORTAbits                   (abs)        0005
_PORTCbits                   (abs)        0007
_RCSTAbits                   (abs)        0018
_SPBRG                       (abs)        0099
_TRISAbits                   (abs)        0085
_TRISBbits                   (abs)        0086
_TRISCbits                   (abs)        0087
_TRMT                        (abs)        04C1
_TXIF                        (abs)        0064
_TXREG                       (abs)        0019
_TXSTAbits                   (abs)        0098
__CFG_BOREN$OFF              (abs)        0000
__CFG_CP$OFF                 (abs)        0000
__CFG_CPD$OFF                (abs)        0000
__CFG_FCMEN$OFF              (abs)        0000
__CFG_FOSC$INTRCIO           (abs)        0000
__CFG_IESO$OFF               (abs)        0000
__CFG_MCLRE$ON               (abs)        0000
__CFG_PWRTE$OFF              (abs)        0000
__CFG_WDTE$OFF               (abs)        0000
__Habs1                      abs1         0000
__Hbank0                     bank0        0000
__Hbank1                     bank1        0000
__Hbank2                     bank2        0000
__Hbank3                     bank3        0000
__HbssBANK0                  bssBANK0     0000
__Hcinit                     cinit        0031
__Hclrtext                   clrtext      0000
__Hcode                      code         0000
__Hcommon                    common       0000
__Hconfig                    config       2008
__HcstackBANK0               cstackBANK0  0000
__HcstackBANK1               cstackBANK1  0000
__HcstackCOMMON              cstackCOMMON 0000
__HdataBANK0                 dataBANK0    0000
__HdataBANK1                 dataBANK1    0000
__Heeprom_data               eeprom_data  0000
__Hend_init                  end_init     0013
__Hfunctab                   functab      0000
__HidataBANK0                idataBANK0   0000
__HidataBANK1                idataBANK1   0000
__Hidloc                     idloc        0000
__Hinit                      init         0011
__Hinittext                  inittext     0000
__Hintentry                  intentry     0011
__Hmaintext                  maintext     0000
__Hpowerup                   powerup      0000
__Hram                       ram          0000
__Hreset_vec                 reset_vec    0002
__Hsfr0                      sfr0         0000
__Hsfr1                      sfr1         0000
__Hsfr2                      sfr2         0000
__Hsfr3                      sfr3         0000
__Hspace_0                   (abs)        2008
__Hspace_1                   (abs)        00DE
__Hspace_2                   (abs)        0000
__Hspace_3                   (abs)        0000
__Hstack                     stack        0000
__Hstrings                   strings      0000
__Htext                      text         0000
__Labs1                      abs1         0000
__Lbank0                     bank0        0000
__Lbank1                     bank1        0000
__Lbank2                     bank2        0000
__Lbank3                     bank3        0000
__LbssBANK0                  bssBANK0     0000
__Lcinit                     cinit        0013
__Lclrtext                   clrtext      0000
__Lcode                      code         0000
__Lcommon                    common       0000
__Lconfig                    config       2007
__LcstackBANK0               cstackBANK0  0000
__LcstackBANK1               cstackBANK1  0000
__LcstackCOMMON              cstackCOMMON 0000
__LdataBANK0                 dataBANK0    0000
__LdataBANK1                 dataBANK1    0000
__Leeprom_data               eeprom_data  0000
__Lend_init                  end_init     0011
__Lfunctab                   functab      0000
__LidataBANK0                idataBANK0   0000
__LidataBANK1                idataBANK1   0000
__Lidloc                     idloc        0000
__Linit                      init         0011
__Linittext                  inittext     0000
__Lintentry                  intentry     0004
__Lmaintext                  maintext     0000
__Lpowerup                   powerup      0000
__Lram                       ram          0000
__Lreset_vec                 reset_vec    0000
__Lsfr0                      sfr0         0000
__Lsfr1                      sfr1         0000
__Lsfr2                      sfr2         0000
__Lsfr3                      sfr3         0000
__Lspace_0                   (abs)        0000
__Lspace_1                   (abs)        0000
__Lspace_2                   (abs)        0000
__Lspace_3                   (abs)        0000
__Lstack                     stack        0000
__Lstrings                   strings      0000
__Ltext                      text         0000
__S0                         (abs)        2008
__S1                         (abs)        00DE
__S2                         (abs)        0000
__S3                         (abs)        0000
___int_sp                    stack        0000
___latbits                   (abs)        0001
___lwdiv                     text6        01FB
___lwdiv@counter             cstackBANK0  0037
___lwdiv@dividend            cstackBANK0  0032
___lwdiv@divisor             cstackBANK0  0030
___lwdiv@quotient            cstackBANK0  0035
___lwmod                     text5        02AA
___lwmod@counter             cstackBANK0  003D
___lwmod@dividend            cstackBANK0  003A
___lwmod@divisor             cstackBANK0  0038
___sp                        stack        0000
__end_of___lwdiv             text6        0239
__end_of___lwmod             text5        02DE
__end_of__initialization     cinit        002E
__end_of__stringtab          strings      027B
__end_of_dpowers             strings      0285
__end_of_init_ports          text8        03A2
__end_of_ioc_enable          text7        03C8
__end_of_isr                 text9        01FB
__end_of_main                maintext     033F
__end_of_printf              text3        00E6
__end_of_putch               text4        03BA
__end_of_set_usart           text2        038F
__end_of_transmit_character  text1        037C
__end_ofi1___lwdiv           text13       0275
__end_ofi1___lwmod           text12       0310
__end_ofi1_printf            text10       0199
__end_ofi1_putch             text11       03C2
__initialization             cinit        0013
__pbssBANK0                  bssBANK0     004C
__pcstackBANK0               cstackBANK0  0020
__pcstackBANK1               cstackBANK1  00BF
__pcstackCOMMON              cstackCOMMON 0070
__pdataBANK0                 dataBANK0    0054
__pdataBANK1                 dataBANK1    00A0
__pidataBANK0                idataBANK0   03C8
__pidataBANK1                idataBANK1   033F
__pintentry                  intentry     0004
__pmaintext                  maintext     0310
__pstrings                   strings      0275
__ptext1                     text1        035E
__ptext10                    text10       00E6
__ptext11                    text11       03BA
__ptext12                    text12       02DE
__ptext13                    text13       0239
__ptext2                     text2        037C
__ptext3                     text3        0031
__ptext4                     text4        03B2
__ptext5                     text5        02AA
__ptext6                     text6        01FB
__ptext7                     text7        03C2
__ptext8                     text8        038F
__ptext9                     text9        0199
__size_of___lwdiv            (abs)        0000
__size_of___lwmod            (abs)        0000
__size_of_init_ports         (abs)        0000
__size_of_ioc_enable         (abs)        0000
__size_of_isr                (abs)        0000
__size_of_main               (abs)        0000
__size_of_printf             (abs)        0000
__size_of_putch              (abs)        0000
__size_of_set_usart          (abs)        0000
__size_of_transmit_character (abs)        0000
__size_ofi1___lwdiv          (abs)        0000
__size_ofi1___lwmod          (abs)        0000
__size_ofi1_printf           (abs)        0000
__size_ofi1_putch            (abs)        0000
__stringbase                 strings      027A
__stringtab                  strings      0275
_a_de                        bssBANK0     0051
_b_de                        bssBANK0     0050
_count                       bssBANK0     004E
_current_state               dataBANK0    0055
_current_state_b             dataBANK0    0054
_dpowers                     strings      027B
_init_ports                  text8        038F
_ioc_enable                  text7        03C2
_isr                         text9        0199
_main                        maintext     0310
_previous_count              bssBANK0     004C
_printf                      text3        0031
_putch                       text4        03B2
_set_usart                   text2        037C
_transmit_character          text1        035E
btemp                        (abs)        007E
end_of_initialization        cinit        002E
i1___lwdiv                   text13       0239
i1___lwdiv@counter           cstackCOMMON 0077
i1___lwdiv@dividend          cstackCOMMON 0072
i1___lwdiv@divisor           cstackCOMMON 0070
i1___lwdiv@quotient          cstackCOMMON 0075
i1___lwmod                   text12       02DE
i1___lwmod@counter           cstackCOMMON 007D
i1___lwmod@dividend          cstackCOMMON 007A
i1___lwmod@divisor           cstackCOMMON 0078
i1_printf                    text10       00E6
i1_putch                     text11       03BA
i1printf@ap                  cstackBANK0  0026
i1printf@c                   cstackBANK0  002B
i1printf@f                   cstackBANK0  0025
i1printf@flag                cstackBANK0  0027
i1printf@prec                cstackBANK0  0028
i1printf@val                 cstackBANK0  0029
i1putch@byte                 cstackCOMMON 0070
init_fetch0                  inittext     03A2
init_ram0                    inittext     03A6
interrupt_function           intentry     0004
intlevel0                    functab      0000
intlevel1                    functab      0000
intlevel2                    functab      0000
intlevel3                    functab      0000
intlevel4                    functab      0000
intlevel5                    functab      0000
main@F1554                   dataBANK1    00A0
main@ton                     cstackBANK1  00BF
printf@ap                    cstackBANK0  0041
printf@c                     cstackBANK0  0047
printf@f                     cstackBANK0  0044
printf@flag                  cstackBANK0  0042
printf@prec                  cstackBANK0  0043
printf@val                   cstackBANK0  0045
putch@byte                   cstackBANK0  0030
reset_vec                    reset_vec    0000
saved_w                      (abs)        007E
stackhi                      (abs)        0000
stacklo                      (abs)        0000
start                        init         0011
start_initialization         cinit        0013
transmit_character@character cstackBANK0  0031
wtemp0                       (abs)        007E


FUNCTION INFORMATION:

 *************** function _main *****************
 Defined at:
		line 22 in file "main.c"
 Parameters:    Size  Location     Type
		None
 Auto vars:     Size  Location     Type
  ton            31    0[BANK1 ] unsigned char [31]
 Return value:  Size  Location     Type
                  1    wreg      void 
 Registers used:
		wreg, fsr0l, fsr0h, status,2, status,0, btemp+1, pclath, cstack
 Tracked objects:
		On entry : 
		On exit  : 
		Unchanged: 
 Data sizes:     COMMON   BANK0   BANK1   BANK2
      Params:         0       0       0       0
      Locals:         0       0      31       0
      Temps:          0       4       0       0
      Totals:         0       4      31       0
Total ram usage:       35 bytes
 Hardware stack levels required when called:    5
 This function calls:
		_init_ports
		_ioc_enable
		_printf
		_set_usart
		_transmit_character
 This function is called by:
		Startup code after reset
 This function uses a non-reentrant model


 *************** function _transmit_character *****************
 Defined at:
		line 15 in file "transmit_character.c"
 Parameters:    Size  Location     Type
  character       1    wreg     PTR unsigned char 
		 -> main@ton(31), 
 Auto vars:     Size  Location     Type
  character       1   17[BANK0 ] PTR unsigned char 
		 -> main@ton(31), 
 Return value:  Size  Location     Type
                  1    wreg      void 
 Registers used:
		wreg, fsr0l, fsr0h, status,2, status,0
 Tracked objects:
		On entry : 
		On exit  : 
		Unchanged: 
 Data sizes:     COMMON   BANK0   BANK1   BANK2
      Params:         0       0       0       0
      Locals:         0       1       0       0
      Temps:          0       1       0       0
      Totals:         0       2       0       0
Total ram usage:        2 bytes
 Hardware stack levels used:    1
 Hardware stack levels required when called:    3
 This function calls:
		Nothing
 This function is called by:
		_main
 This function uses a non-reentrant model


 *************** function _set_usart *****************
 Defined at:
		line 12 in file "set_usart.c"
 Parameters:    Size  Location     Type
		None
 Auto vars:     Size  Location     Type
		None
 Return value:  Size  Location     Type
                  1    wreg      void 
 Registers used:
		wreg, status,2
 Tracked objects:
		On entry : 
		On exit  : 
		Unchanged: 
 Data sizes:     COMMON   BANK0   BANK1   BANK2
      Params:         0       0       0       0
      Locals:         0       0       0       0
      Temps:          0       0       0       0
      Totals:         0       0       0       0
Total ram usage:        0 bytes
 Hardware stack levels used:    1
 Hardware stack levels required when called:    3
 This function calls:
		Nothing
 This function is called by:
		_main
 This function uses a non-reentrant model


 *************** function _printf *****************
 Defined at:
		line 464 in file "C:\Program Files (x86)\Microchip\xc8\v1.45\sources\common\doprnt.c"
 Parameters:    Size  Location     Type
  f               1    wreg     PTR const unsigned char 
		 -> STR_2(22), STR_1(15), 
 Auto vars:     Size  Location     Type
  f               1   36[BANK0 ] PTR const unsigned char 
		 -> STR_2(22), STR_1(15), 
  tmpval          4    0        struct .
  val             2   37[BANK0 ] unsigned int 
  cp              2    0        PTR const unsigned char 
  len             2    0        unsigned int 
  c               1   39[BANK0 ] char 
  prec            1   35[BANK0 ] char 
  flag            1   34[BANK0 ] unsigned char 
  ap              1   33[BANK0 ] PTR void [1]
		 -> ?i1_printf(2), ?_printf(2), 
 Return value:  Size  Location     Type
                  2    8[None  ] int 
 Registers used:
		wreg, fsr0l, fsr0h, status,2, status,0, btemp+1, pclath, cstack
 Tracked objects:
		On entry : 
		On exit  : 
		Unchanged: 
 Data sizes:     COMMON   BANK0   BANK1   BANK2
      Params:         0       0       0       0
      Locals:         0       7       0       0
      Temps:          0       3       0       0
      Totals:         0      10       0       0
Total ram usage:       10 bytes
 Hardware stack levels used:    1
 Hardware stack levels required when called:    4
 This function calls:
		___lwdiv
		___lwmod
		_putch
 This function is called by:
		_main
 This function uses a non-reentrant model


 *************** function _putch *****************
 Defined at:
		line 14 in file "putch.c"
 Parameters:    Size  Location     Type
  byte            1    wreg     unsigned char 
 Auto vars:     Size  Location     Type
  byte            1   16[BANK0 ] unsigned char 
 Return value:  Size  Location     Type
                  1    wreg      void 
 Registers used:
		wreg
 Tracked objects:
		On entry : 
		On exit  : 
		Unchanged: 
 Data sizes:     COMMON   BANK0   BANK1   BANK2
      Params:         0       0       0       0
      Locals:         0       1       0       0
      Temps:          0       0       0       0
      Totals:         0       1       0       0
Total ram usage:        1 bytes
 Hardware stack levels used:    1
 Hardware stack levels required when called:    3
 This function calls:
		Nothing
 This function is called by:
		_printf
 This function uses a non-reentrant model


 *************** function ___lwmod *****************
 Defined at:
		line 6 in file "C:\Program Files (x86)\Microchip\xc8\v1.45\sources\common\lwmod.c"
 Parameters:    Size  Location     Type
  divisor         2   24[BANK0 ] unsigned int 
  dividend        2   26[BANK0 ] unsigned int 
 Auto vars:     Size  Location     Type
  counter         1   29[BANK0 ] unsigned char 
 Return value:  Size  Location     Type
                  2   24[BANK0 ] unsigned int 
 Registers used:
		wreg, status,2, status,0
 Tracked objects:
		On entry : 
		On exit  : 
		Unchanged: 
 Data sizes:     COMMON   BANK0   BANK1   BANK2
      Params:         0       4       0       0
      Locals:         0       1       0       0
      Temps:          0       1       0       0
      Totals:         0       6       0       0
Total ram usage:        6 bytes
 Hardware stack levels used:    1
 Hardware stack levels required when called:    3
 This function calls:
		Nothing
 This function is called by:
		_printf
 This function uses a non-reentrant model


 *************** function ___lwdiv *****************
 Defined at:
		line 6 in file "C:\Program Files (x86)\Microchip\xc8\v1.45\sources\common\lwdiv.c"
 Parameters:    Size  Location     Type
  divisor         2   16[BANK0 ] unsigned int 
  dividend        2   18[BANK0 ] unsigned int 
 Auto vars:     Size  Location     Type
  quotient        2   21[BANK0 ] unsigned int 
  counter         1   23[BANK0 ] unsigned char 
 Return value:  Size  Location     Type
                  2   16[BANK0 ] unsigned int 
 Registers used:
		wreg, status,2, status,0
 Tracked objects:
		On entry : 
		On exit  : 
		Unchanged: 
 Data sizes:     COMMON   BANK0   BANK1   BANK2
      Params:         0       4       0       0
      Locals:         0       3       0       0
      Temps:          0       1       0       0
      Totals:         0       8       0       0
Total ram usage:        8 bytes
 Hardware stack levels used:    1
 Hardware stack levels required when called:    3
 This function calls:
		Nothing
 This function is called by:
		_printf
 This function uses a non-reentrant model


 *************** function _ioc_enable *****************
 Defined at:
		line 11 in file "ioc_enable.c"
 Parameters:    Size  Location     Type
		None
 Auto vars:     Size  Location     Type
		None
 Return value:  Size  Location     Type
                  1    wreg      void 
 Registers used:
		None
 Tracked objects:
		On entry : 
		On exit  : 
		Unchanged: 
 Data sizes:     COMMON   BANK0   BANK1   BANK2
      Params:         0       0       0       0
      Locals:         0       0       0       0
      Temps:          0       0       0       0
      Totals:         0       0       0       0
Total ram usage:        0 bytes
 Hardware stack levels used:    1
 Hardware stack levels required when called:    3
 This function calls:
		Nothing
 This function is called by:
		_main
 This function uses a non-reentrant model


 *************** function _init_ports *****************
 Defined at:
		line 12 in file "init_ports.c"
 Parameters:    Size  Location     Type
		None
 Auto vars:     Size  Location     Type
		None
 Return value:  Size  Location     Type
                  1    wreg      void 
 Registers used:
		status,2
 Tracked objects:
		On entry : 
		On exit  : 
		Unchanged: 
 Data sizes:     COMMON   BANK0   BANK1   BANK2
      Params:         0       0       0       0
      Locals:         0       0       0       0
      Temps:          0       0       0       0
      Totals:         0       0       0       0
Total ram usage:        0 bytes
 Hardware stack levels used:    1
 Hardware stack levels required when called:    3
 This function calls:
		Nothing
 This function is called by:
		_main
 This function uses a non-reentrant model


 *************** function _isr *****************
 Defined at:
		line 15 in file "interrupt isr.c"
 Parameters:    Size  Location     Type
		None
 Auto vars:     Size  Location     Type
		None
 Return value:  Size  Location     Type
                  1    wreg      void 
 Registers used:
		wreg, fsr0l, fsr0h, status,2, status,0, btemp+1, pclath, cstack
 Tracked objects:
		On entry : 
		On exit  : 
		Unchanged: 
 Data sizes:     COMMON   BANK0   BANK1   BANK2
      Params:         0       0       0       0
      Locals:         0       0       0       0
      Temps:          0       4       0       0
      Totals:         0       4       0       0
Total ram usage:        4 bytes
 Hardware stack levels used:    1
 Hardware stack levels required when called:    2
 This function calls:
		i1_printf
 This function is called by:
		Interrupt level 1
 This function uses a non-reentrant model


 *************** function i1_printf *****************
 Defined at:
		line 464 in file "C:\Program Files (x86)\Microchip\xc8\v1.45\sources\common\doprnt.c"
 Parameters:    Size  Location     Type
  f               1    wreg     PTR const unsigned char 
		 -> STR_2(22), STR_1(15), 
 Auto vars:     Size  Location     Type
  f               1    5[BANK0 ] PTR const unsigned char 
		 -> STR_2(22), STR_1(15), 
  printf          4    0        struct .
  printf          2    9[BANK0 ] unsigned int 
  printf          2    0        PTR const unsigned char 
  printf          2    0        unsigned int 
  printf          1   11[BANK0 ] char 
  printf          1    8[BANK0 ] char 
  printf          1    7[BANK0 ] unsigned char 
  printf          1    6[BANK0 ] PTR void [1]
		 -> ?i1_printf(2), ?_printf(2), 
 Return value:  Size  Location     Type
                  2    0[BANK0 ] int 
 Registers used:
		wreg, fsr0l, fsr0h, status,2, status,0, btemp+1, pclath, cstack
 Tracked objects:
		On entry : 
		On exit  : 
		Unchanged: 
 Data sizes:     COMMON   BANK0   BANK1   BANK2
      Params:         0       2       0       0
      Locals:         0       7       0       0
      Temps:          0       3       0       0
      Totals:         0      12       0       0
Total ram usage:       12 bytes
 Hardware stack levels used:    1
 Hardware stack levels required when called:    1
 This function calls:
		i1___lwdiv
		i1___lwmod
		i1_putch
 This function is called by:
		_isr
 This function uses a non-reentrant model


 *************** function i1_putch *****************
 Defined at:
		line 14 in file "putch.c"
 Parameters:    Size  Location     Type
  byte            1    wreg     unsigned char 
 Auto vars:     Size  Location     Type
  byte            1    0[COMMON] unsigned char 
 Return value:  Size  Location     Type
                  1    wreg      void 
 Registers used:
		wreg
 Tracked objects:
		On entry : 
		On exit  : 
		Unchanged: 
 Data sizes:     COMMON   BANK0   BANK1   BANK2
      Params:         0       0       0       0
      Locals:         1       0       0       0
      Temps:          0       0       0       0
      Totals:         1       0       0       0
Total ram usage:        1 bytes
 Hardware stack levels used:    1
 This function calls:
		Nothing
 This function is called by:
		i1_printf
 This function uses a non-reentrant model


 *************** function i1___lwmod *****************
 Defined at:
		line 6 in file "C:\Program Files (x86)\Microchip\xc8\v1.45\sources\common\lwmod.c"
 Parameters:    Size  Location     Type
  divisor         2    8[COMMON] unsigned int 
  dividend        2   10[COMMON] unsigned int 
 Auto vars:     Size  Location     Type
  __lwmod         1   13[COMMON] unsigned char 
 Return value:  Size  Location     Type
                  2    8[COMMON] unsigned int 
 Registers used:
		wreg, status,2, status,0
 Tracked objects:
		On entry : 
		On exit  : 
		Unchanged: 
 Data sizes:     COMMON   BANK0   BANK1   BANK2
      Params:         4       0       0       0
      Locals:         1       0       0       0
      Temps:          1       0       0       0
      Totals:         6       0       0       0
Total ram usage:        6 bytes
 Hardware stack levels used:    1
 This function calls:
		Nothing
 This function is called by:
		i1_printf
 This function uses a non-reentrant model


 *************** function i1___lwdiv *****************
 Defined at:
		line 6 in file "C:\Program Files (x86)\Microchip\xc8\v1.45\sources\common\lwdiv.c"
 Parameters:    Size  Location     Type
  divisor         2    0[COMMON] unsigned int 
  dividend        2    2[COMMON] unsigned int 
 Auto vars:     Size  Location     Type
  __lwdiv         2    5[COMMON] unsigned int 
  __lwdiv         1    7[COMMON] unsigned char 
 Return value:  Size  Location     Type
                  2    0[COMMON] unsigned int 
 Registers used:
		wreg, status,2, status,0
 Tracked objects:
		On entry : 
		On exit  : 
		Unchanged: 
 Data sizes:     COMMON   BANK0   BANK1   BANK2
      Params:         4       0       0       0
      Locals:         3       0       0       0
      Temps:          1       0       0       0
      Totals:         8       0       0       0
Total ram usage:        8 bytes
 Hardware stack levels used:    1
 This function calls:
		Nothing
 This function is called by:
		i1_printf
 This function uses a non-reentrant model



MODULE INFORMATION

Module		Function		Class		Link	Load	Size
C:\Program Files (x86)\Microchip\xc8\v1.45\sources\common\doprnt.c
		_printf        		CODE           	0031	0000	182

C:\Program Files (x86)\Microchip\xc8\v1.45\sources\common\doprnt.c estimated size: 182

transmit_character.c
		_transmit_character		CODE           	035E	0000	31

transmit_character.c estimated size: 31

init_ports.c
		_init_ports    		CODE           	038F	0000	20

init_ports.c estimated size: 20

interrupt isr.c
		_isr           		CODE           	0199	0000	99

interrupt isr.c estimated size: 99

C:\Program Files (x86)\Microchip\xc8\v1.45\sources\common\lwmod.c
		___lwmod       		CODE           	02AA	0000	53

C:\Program Files (x86)\Microchip\xc8\v1.45\sources\common\lwmod.c estimated size: 53

putch.c
		_putch         		CODE           	03B2	0000	9

putch.c estimated size: 9

ioc_enable.c
		_ioc_enable    		CODE           	03C2	0000	7

ioc_enable.c estimated size: 7

shared
		i1_printf      		CODE           	00E6	0000	180
		i1_putch       		CODE           	03BA	0000	9
		__stringtab    		STRING         	0275	0000	7
		i1___lwdiv     		CODE           	0239	0000	61
		_dpowers       		STRING         	027B	0000	11
		i1___lwmod     		CODE           	02DE	0000	51
		__initialization		CODE           	0013	0000	28

shared estimated size: 347

set_usart.c
		_set_usart     		CODE           	037C	0000	20

set_usart.c estimated size: 20

C:\Program Files (x86)\Microchip\xc8\v1.45\sources\common\lwdiv.c
		___lwdiv       		CODE           	01FB	0000	63

C:\Program Files (x86)\Microchip\xc8\v1.45\sources\common\lwdiv.c estimated size: 63

main.c
		_main          		CODE           	0310	0000	48

main.c estimated size: 48

